Bondi branch (1321) holds
- account 606582 owned by Kun Yu from Bondi with $9100
- account 608787 owned by Qin Wang from Parklea with $800
- account 609916 owned by Karen Tsui from Millers Point with $200
- account 612553 owned by Linda Gonzales from Willoughby with $1400
- account 614612 owned by Laura Lauer from Lurnea with $1700
- account 625918 owned by Lee Bowles from Horsley Park with $1000
- account 629179 owned by Peter Ng from Penrith with $300
- account 638738 owned by Kris Lertverasirikun from Kensington with $3100
- account 640660 owned by Megawati Tjia from Bondi with $100
- account 645477 owned by Xuehua Fang from Guildford with $600
- account 646458 owned by Supawadee Chantararothai from Thornleigh with $1800
- account 650445 owned by Grace Cheung from Girraween with $100
- account 651463 owned by Yuk Yang from Wollstonecraft with $1400
Assets: $21600
